
===== result =====
error: BackupError phase=compression code=11
message: compression phase failed: xz compression failed: exit status 1
exit code (as cmd/proxsave computes it): 11

===== calls to the fakes, in order =====

===== files per location after the run =====
[backup path (local)]
  (empty)
[secondary path]
  (empty)
[cloud path]
  (empty)
[log path]
  backup-charhost-20260102-030405.log mode=0600 size=<SIZE>
[secondary log path]
  (does not exist)
[cloud log path]
  (empty)
[workspace root]
  (empty)

===== bundle members =====
(no bundle)

===== stdout (console) =====
[<TIME>] DEBUG    Start backup run: type=unknown hostname=charhost
[<TIME>] INFO     Starting backup orchestration for unknown
[<TIME>] DEBUG    Starting cleanup of previous execution files...
[<TIME>] DEBUG    Checking for orphaned temp directories older than 24h0m0s

[<TIME>] STEP     [1] Initializing backup statistics and temporary workspace
[<TIME>] DEBUG    Creating temporary directory for collection output
[<TIME>] DEBUG    Using temporary directory: <ROOT>/workspace/proxsave-charhost-20260102-030405-<RANDOM>

[<TIME>] STEP     [2] Collection of configuration files and optimizations
[<TIME>] INFO     Collecting configuration files...
[<TIME>] DEBUG    Collector dry-run=false excludePatterns=0
[<TIME>] DEBUG    Starting collector run (type=unknown)
[<TIME>] INFO     Starting backup collection for unknown
[<TIME>] DEBUG    Collector dry-run=false tempDir=<ROOT>/workspace/proxsave-charhost-20260102-030405-<RANDOM>
[<TIME>] WARNING  Unknown Proxmox type, collecting generic system info only
[<TIME>] DEBUG    Skipping hypervisor-specific collection because type is unknown
[<TIME>] DEBUG    Collecting baseline system information (network/system files, commands, hardware data)
[<TIME>] INFO     Collecting system information
[<TIME>] DEBUG    Preparing filesystem context for system collection (tempDir=<ROOT>/workspace/proxsave-charhost-20260102-030405-<RANDOM>)
[<TIME>] DEBUG    System PATH verified for command execution
[<TIME>] DEBUG    Collecting hostname/hosts information
[<TIME>] DEBUG    Collecting Hostname: <ROOT>/sysroot/etc/hostname -> <ROOT>/workspace/proxsave-charhost-20260102-030405-<RANDOM>/etc/hostname
[<TIME>] DEBUG    Hostname not found: <ROOT>/sysroot/etc/hostname (skipping)
[<TIME>] DEBUG    Collecting Hosts file: <ROOT>/sysroot/etc/hosts -> <ROOT>/workspace/proxsave-charhost-20260102-030405-<RANDOM>/etc/hosts
[<TIME>] DEBUG    Hosts file not found: <ROOT>/sysroot/etc/hosts (skipping)
[<TIME>] DEBUG    Collecting DNS resolver configuration
[<TIME>] DEBUG    Collecting DNS resolver: <ROOT>/sysroot/etc/resolv.conf -> <ROOT>/workspace/proxsave-charhost-20260102-030405-<RANDOM>/etc/resolv.conf
[<TIME>] DEBUG    DNS resolver not found: <ROOT>/sysroot/etc/resolv.conf (skipping)
[<TIME>] DEBUG    Collecting timezone configuration
[<TIME>] DEBUG    Collecting Timezone configuration: <ROOT>/sysroot/etc/timezone -> <ROOT>/workspace/proxsave-charhost-20260102-030405-<RANDOM>/etc/timezone
[<TIME>] DEBUG    Timezone configuration not found: <ROOT>/sysroot/etc/timezone (skipping)
[<TIME>] DEBUG    Collecting directory logrotate configuration: <ROOT>/sysroot/etc/logrotate.d -> <ROOT>/workspace/proxsave-charhost-20260102-030405-<RANDOM>/etc/logrotate.d
[<TIME>] DEBUG    logrotate configuration not found: <ROOT>/sysroot/etc/logrotate.d (skipping)
[<TIME>] DEBUG    Collecting filesystem table: <ROOT>/sysroot/etc/fstab -> <ROOT>/workspace/proxsave-charhost-20260102-030405-<RANDOM>/etc/fstab
[<TIME>] DEBUG    filesystem table not found: <ROOT>/sysroot/etc/fstab (skipping)
[<TIME>] DEBUG    Collecting crypttab: <ROOT>/sysroot/etc/crypttab -> <ROOT>/workspace/proxsave-charhost-20260102-030405-<RANDOM>/etc/crypttab
[<TIME>] DEBUG    crypttab not found: <ROOT>/sysroot/etc/crypttab (skipping)
[<TIME>] DEBUG    Collecting directory iSCSI configuration: <ROOT>/sysroot/etc/iscsi -> <ROOT>/workspace/proxsave-charhost-20260102-030405-<RANDOM>/etc/iscsi
[<TIME>] DEBUG    iSCSI configuration not found: <ROOT>/sysroot/etc/iscsi (skipping)
[<TIME>] DEBUG    Collecting directory iSCSI runtime state: <ROOT>/sysroot/var/lib/iscsi -> <ROOT>/workspace/proxsave-charhost-20260102-030405-<RANDOM>/var/lib/iscsi
[<TIME>] DEBUG    iSCSI runtime state not found: <ROOT>/sysroot/var/lib/iscsi (skipping)
[<TIME>] DEBUG    Collecting directory multipath configuration: <ROOT>/sysroot/etc/multipath -> <ROOT>/workspace/proxsave-charhost-20260102-030405-<RANDOM>/etc/multipath
[<TIME>] DEBUG    multipath configuration not found: <ROOT>/sysroot/etc/multipath (skipping)
[<TIME>] DEBUG    Collecting multipath.conf: <ROOT>/sysroot/etc/multipath.conf -> <ROOT>/workspace/proxsave-charhost-20260102-030405-<RANDOM>/etc/multipath.conf
[<TIME>] DEBUG    multipath.conf not found: <ROOT>/sysroot/etc/multipath.conf (skipping)
[<TIME>] DEBUG    Collecting directory mdadm configuration: <ROOT>/sysroot/etc/mdadm -> <ROOT>/workspace/proxsave-charhost-20260102-030405-<RANDOM>/etc/mdadm
[<TIME>] DEBUG    mdadm configuration not found: <ROOT>/sysroot/etc/mdadm (skipping)
[<TIME>] DEBUG    Collecting directory LVM metadata backups: <ROOT>/sysroot/etc/lvm/backup -> <ROOT>/workspace/proxsave-charhost-20260102-030405-<RANDOM>/etc/lvm/backup
[<TIME>] DEBUG    LVM metadata backups not found: <ROOT>/sysroot/etc/lvm/backup (skipping)
[<TIME>] DEBUG    Collecting directory LVM metadata archives: <ROOT>/sysroot/etc/lvm/archive -> <ROOT>/workspace/proxsave-charhost-20260102-030405-<RANDOM>/etc/lvm/archive
[<TIME>] DEBUG    LVM metadata archives not found: <ROOT>/sysroot/etc/lvm/archive (skipping)
[<TIME>] DEBUG    Collecting autofs config: <ROOT>/sysroot/etc/auto.master -> <ROOT>/workspace/proxsave-charhost-20260102-030405-<RANDOM>/etc/auto.master
[<TIME>] DEBUG    autofs config not found: <ROOT>/sysroot/etc/auto.master (skipping)
[<TIME>] DEBUG    Collecting autofs config: <ROOT>/sysroot/etc/autofs.conf -> <ROOT>/workspace/proxsave-charhost-20260102-030405-<RANDOM>/etc/autofs.conf
[<TIME>] DEBUG    autofs config not found: <ROOT>/sysroot/etc/autofs.conf (skipping)
[<TIME>] DEBUG    Collecting directory autofs drop-in configs: <ROOT>/sysroot/etc/auto.master.d -> <ROOT>/workspace/proxsave-charhost-20260102-030405-<RANDOM>/etc/auto.master.d
[<TIME>] DEBUG    autofs drop-in configs not found: <ROOT>/sysroot/etc/auto.master.d (skipping)
[<TIME>] DEBUG    Collecting directory DHCP leases (runtime snapshot): <ROOT>/sysroot/var/lib/dhcp -> <ROOT>/workspace/proxsave-charhost-20260102-030405-<RANDOM>/var/lib/proxsave-info/runtime/var/lib/dhcp
[<TIME>] DEBUG    DHCP leases (runtime snapshot) not found: <ROOT>/sysroot/var/lib/dhcp (skipping)
[<TIME>] DEBUG    Collecting directory NetworkManager leases (runtime snapshot): <ROOT>/sysroot/var/lib/NetworkManager -> <ROOT>/workspace/proxsave-charhost-20260102-030405-<RANDOM>/var/lib/proxsave-info/runtime/var/lib/NetworkManager
[<TIME>] DEBUG    NetworkManager leases (runtime snapshot) not found: <ROOT>/sysroot/var/lib/NetworkManager (skipping)
[<TIME>] DEBUG    Collecting directory systemd-networkd leases (runtime snapshot): <ROOT>/sysroot/run/systemd/netif/leases -> <ROOT>/workspace/proxsave-charhost-20260102-030405-<RANDOM>/var/lib/proxsave-info/runtime/run/systemd/netif/leases
[<TIME>] DEBUG    systemd-networkd leases (runtime snapshot) not found: <ROOT>/sysroot/run/systemd/netif/leases (skipping)
[<TIME>] DEBUG    Collection: recipe system - brick "system_network_runtime_addr" never ran
[<TIME>] DEBUG    Collection: recipe system - brick "system_network_runtime_rules" never ran
[<TIME>] DEBUG    Collection: recipe system - brick "system_network_runtime_routes" never ran
[<TIME>] DEBUG    Collection: recipe system - brick "system_network_runtime_links" never ran
[<TIME>] DEBUG    Collection: recipe system - brick "system_network_runtime_neighbors" never ran
[<TIME>] DEBUG    Collection: recipe system - brick "system_network_runtime_bridges" never ran
[<TIME>] DEBUG    Collection: recipe system - brick "system_network_runtime_inventory" never ran
[<TIME>] DEBUG    Collection: recipe system - brick "system_network_runtime_bonding" never ran
[<TIME>] DEBUG    Collection: recipe system - brick "system_network_runtime_dns" never ran
[<TIME>] DEBUG    Collection: recipe system - brick "system_storage_runtime_mounts" never ran
[<TIME>] DEBUG    Collection: recipe system - brick "system_storage_runtime_block_devices" never ran
[<TIME>] DEBUG    Collection: recipe system - brick "system_compute_runtime_memory_cpu" never ran
[<TIME>] DEBUG    Collection: recipe system - brick "system_compute_runtime_bus_inventory" never ran
[<TIME>] DEBUG    Collection: recipe system - brick "system_services_runtime" never ran
[<TIME>] DEBUG    Collection: recipe system - brick "system_packages_runtime_installed" never ran
[<TIME>] DEBUG    Collection: recipe system - brick "system_packages_runtime_apt_policy" never ran
[<TIME>] DEBUG    Collection: recipe system - brick "system_firewall_runtime_iptables" never ran
[<TIME>] DEBUG    Collection: recipe system - brick "system_firewall_runtime_ip6tables" never ran
[<TIME>] DEBUG    Collection: recipe system - brick "system_firewall_runtime_nftables" never ran
[<TIME>] DEBUG    Collection: recipe system - brick "system_firewall_runtime_ufw" never ran
[<TIME>] DEBUG    Collection: recipe system - brick "system_firewall_runtime_firewalld" never ran
[<TIME>] DEBUG    Collection: recipe system - brick "system_kernel_modules_runtime" never ran
[<TIME>] DEBUG    Collection: recipe system - brick "system_sysctl_runtime" never ran
[<TIME>] DEBUG    Collection: recipe system - brick "system_zfs_runtime" never ran
[<TIME>] DEBUG    Collection: recipe system - brick "system_lvm_runtime" never ran
[<TIME>] DEBUG    Collection: recipe system - brick "system_network_report" never ran
[<TIME>] DEBUG    Collection: recipe system - brick "system_kernel" never ran
[<TIME>] DEBUG    Collection: recipe system - brick "system_hardware" never ran
[<TIME>] DEBUG    Collection: recipe system - brick "system_critical_files" never ran
[<TIME>] DEBUG    Collection: recipe system - brick "system_config_file" never ran
[<TIME>] DEBUG    Collection: recipe system - brick "system_custom_paths" never ran
[<TIME>] DEBUG    Collection: recipe system - brick "system_script_dirs" never ran
[<TIME>] DEBUG    Collection: recipe system - brick "system_script_repo" never ran
[<TIME>] DEBUG    Collection: recipe system - brick "system_ssh_keys" never ran
[<TIME>] DEBUG    Collection: recipe system - brick "system_root_home" never ran
[<TIME>] DEBUG    Collection: recipe system - brick "system_user_homes" never ran
[<TIME>] WARNING  Collection: recipe system aborted at brick "system_core_runtime" - 36 later bricks never ran, their targets are missing from this backup
[<TIME>] WARNING  System info collection had warnings: failed to get OS release (critical): critical command `cat <ROOT>/sysroot/etc/os-release` failed for OS release: exit status 1 (output: cat: <ROOT>/sysroot/etc/os-release: No such file or directory)
[<TIME>] DEBUG    Baseline system information collected successfully
[<TIME>] DEBUG    Collection completed: 0 files, 1 failed, 1 dirs created
[<TIME>] DEBUG    Successfully wrote report file: <ROOT>/workspace/proxsave-charhost-20260102-030405-<RANDOM>/manifest.json
[<TIME>] INFO     Collection completed: 1 files (1.5 KiB), 1 failed, 1 dirs created
[<TIME>] DEBUG    Skipping optimization step (all features disabled)

[<TIME>] STEP     [3] Creation of compressed archive
[<TIME>] INFO     Creating compressed archive...
[<TIME>] DEBUG    Archiver configuration: type=xz level=0 mode=standard threads=0
[<TIME>] DEBUG    Resolving compression (requested=xz level=0 mode=standard)
[<TIME>] DEBUG    Compression resolved to xz (level 0, threads 0)
[<TIME>] DEBUG    Resolving compression (requested=xz level=0 mode=standard)
[<TIME>] DEBUG    Compression resolved to xz (level 0, threads 0)
[<TIME>] INFO     Creating compressed archive with xz (level 0, mode standard, threads auto)
[<TIME>] DEBUG    Creating archive: <ROOT>/workspace/proxsave-charhost-20260102-030405-<RANDOM> -> <ROOT>/backup/charhost-backup-20260102-030405.tar.xz.partial (compression: xz)
[<TIME>] DEBUG    Creating xz archive with level 0 (mode standard)
[<TIME>] DEBUG    Added file to archive: .proxsave-marker
[<TIME>] DEBUG    Added file to archive: manifest.json
[<TIME>] DEBUG    Added file to archive: var/lib/proxsave-info/backup_metadata.txt
[<TIME>] DEBUG    Removed temporary workspace <ROOT>/workspace/proxsave-charhost-20260102-030405-<RANDOM>
[<TIME>] DEBUG    Parsing log file for error/warning counts after failure: <ROOT>/log/backup-charhost-20260102-030405.log
[<TIME>] DEBUG    Found 0 errors and 3 warnings in log file (failure path)
[<TIME>] DEBUG    Local Storage: run failed before this location's statistics were read; reporting the startup figures (backups=8, owned=0, scoped=false)
[<TIME>] DEBUG    Secondary Storage: run failed before this location's statistics were read; reporting the startup figures (backups=5, owned=0, scoped=false)
[<TIME>] DEBUG    Cloud Storage (rclone): run failed before this location's statistics were read; reporting the startup figures (backups=4, owned=0, scoped=false)
[<TIME>] DEBUG    End backup run (error=compression phase failed: xz compression failed: exit status 1, duration=<DURATION>)

===== stderr =====

===== run log file =====
[<TIME>] DEBUG    Start backup run: type=unknown hostname=charhost
[<TIME>] INFO     Starting backup orchestration for unknown
[<TIME>] DEBUG    Starting cleanup of previous execution files...
[<TIME>] DEBUG    Checking for orphaned temp directories older than 24h0m0s
[<TIME>] STEP     [1] Initializing backup statistics and temporary workspace
[<TIME>] DEBUG    Creating temporary directory for collection output
[<TIME>] DEBUG    Using temporary directory: <ROOT>/workspace/proxsave-charhost-20260102-030405-<RANDOM>
[<TIME>] STEP     [2] Collection of configuration files and optimizations
[<TIME>] INFO     Collecting configuration files...
[<TIME>] DEBUG    Collector dry-run=false excludePatterns=0
[<TIME>] DEBUG    Starting collector run (type=unknown)
[<TIME>] INFO     Starting backup collection for unknown
[<TIME>] DEBUG    Collector dry-run=false tempDir=<ROOT>/workspace/proxsave-charhost-20260102-030405-<RANDOM>
[<TIME>] WARNING  Unknown Proxmox type, collecting generic system info only
[<TIME>] DEBUG    Skipping hypervisor-specific collection because type is unknown
[<TIME>] DEBUG    Collecting baseline system information (network/system files, commands, hardware data)
[<TIME>] INFO     Collecting system information
[<TIME>] DEBUG    Preparing filesystem context for system collection (tempDir=<ROOT>/workspace/proxsave-charhost-20260102-030405-<RANDOM>)
[<TIME>] DEBUG    System PATH verified for command execution
[<TIME>] DEBUG    Collecting hostname/hosts information
[<TIME>] DEBUG    Collecting Hostname: <ROOT>/sysroot/etc/hostname -> <ROOT>/workspace/proxsave-charhost-20260102-030405-<RANDOM>/etc/hostname
[<TIME>] DEBUG    Hostname not found: <ROOT>/sysroot/etc/hostname (skipping)
[<TIME>] DEBUG    Collecting Hosts file: <ROOT>/sysroot/etc/hosts -> <ROOT>/workspace/proxsave-charhost-20260102-030405-<RANDOM>/etc/hosts
[<TIME>] DEBUG    Hosts file not found: <ROOT>/sysroot/etc/hosts (skipping)
[<TIME>] DEBUG    Collecting DNS resolver configuration
[<TIME>] DEBUG    Collecting DNS resolver: <ROOT>/sysroot/etc/resolv.conf -> <ROOT>/workspace/proxsave-charhost-20260102-030405-<RANDOM>/etc/resolv.conf
[<TIME>] DEBUG    DNS resolver not found: <ROOT>/sysroot/etc/resolv.conf (skipping)
[<TIME>] DEBUG    Collecting timezone configuration
[<TIME>] DEBUG    Collecting Timezone configuration: <ROOT>/sysroot/etc/timezone -> <ROOT>/workspace/proxsave-charhost-20260102-030405-<RANDOM>/etc/timezone
[<TIME>] DEBUG    Timezone configuration not found: <ROOT>/sysroot/etc/timezone (skipping)
[<TIME>] DEBUG    Collecting directory logrotate configuration: <ROOT>/sysroot/etc/logrotate.d -> <ROOT>/workspace/proxsave-charhost-20260102-030405-<RANDOM>/etc/logrotate.d
[<TIME>] DEBUG    logrotate configuration not found: <ROOT>/sysroot/etc/logrotate.d (skipping)
[<TIME>] DEBUG    Collecting filesystem table: <ROOT>/sysroot/etc/fstab -> <ROOT>/workspace/proxsave-charhost-20260102-030405-<RANDOM>/etc/fstab
[<TIME>] DEBUG    filesystem table not found: <ROOT>/sysroot/etc/fstab (skipping)
[<TIME>] DEBUG    Collecting crypttab: <ROOT>/sysroot/etc/crypttab -> <ROOT>/workspace/proxsave-charhost-20260102-030405-<RANDOM>/etc/crypttab
[<TIME>] DEBUG    crypttab not found: <ROOT>/sysroot/etc/crypttab (skipping)
[<TIME>] DEBUG    Collecting directory iSCSI configuration: <ROOT>/sysroot/etc/iscsi -> <ROOT>/workspace/proxsave-charhost-20260102-030405-<RANDOM>/etc/iscsi
[<TIME>] DEBUG    iSCSI configuration not found: <ROOT>/sysroot/etc/iscsi (skipping)
[<TIME>] DEBUG    Collecting directory iSCSI runtime state: <ROOT>/sysroot/var/lib/iscsi -> <ROOT>/workspace/proxsave-charhost-20260102-030405-<RANDOM>/var/lib/iscsi
[<TIME>] DEBUG    iSCSI runtime state not found: <ROOT>/sysroot/var/lib/iscsi (skipping)
[<TIME>] DEBUG    Collecting directory multipath configuration: <ROOT>/sysroot/etc/multipath -> <ROOT>/workspace/proxsave-charhost-20260102-030405-<RANDOM>/etc/multipath
[<TIME>] DEBUG    multipath configuration not found: <ROOT>/sysroot/etc/multipath (skipping)
[<TIME>] DEBUG    Collecting multipath.conf: <ROOT>/sysroot/etc/multipath.conf -> <ROOT>/workspace/proxsave-charhost-20260102-030405-<RANDOM>/etc/multipath.conf
[<TIME>] DEBUG    multipath.conf not found: <ROOT>/sysroot/etc/multipath.conf (skipping)
[<TIME>] DEBUG    Collecting directory mdadm configuration: <ROOT>/sysroot/etc/mdadm -> <ROOT>/workspace/proxsave-charhost-20260102-030405-<RANDOM>/etc/mdadm
[<TIME>] DEBUG    mdadm configuration not found: <ROOT>/sysroot/etc/mdadm (skipping)
[<TIME>] DEBUG    Collecting directory LVM metadata backups: <ROOT>/sysroot/etc/lvm/backup -> <ROOT>/workspace/proxsave-charhost-20260102-030405-<RANDOM>/etc/lvm/backup
[<TIME>] DEBUG    LVM metadata backups not found: <ROOT>/sysroot/etc/lvm/backup (skipping)
[<TIME>] DEBUG    Collecting directory LVM metadata archives: <ROOT>/sysroot/etc/lvm/archive -> <ROOT>/workspace/proxsave-charhost-20260102-030405-<RANDOM>/etc/lvm/archive
[<TIME>] DEBUG    LVM metadata archives not found: <ROOT>/sysroot/etc/lvm/archive (skipping)
[<TIME>] DEBUG    Collecting autofs config: <ROOT>/sysroot/etc/auto.master -> <ROOT>/workspace/proxsave-charhost-20260102-030405-<RANDOM>/etc/auto.master
[<TIME>] DEBUG    autofs config not found: <ROOT>/sysroot/etc/auto.master (skipping)
[<TIME>] DEBUG    Collecting autofs config: <ROOT>/sysroot/etc/autofs.conf -> <ROOT>/workspace/proxsave-charhost-20260102-030405-<RANDOM>/etc/autofs.conf
[<TIME>] DEBUG    autofs config not found: <ROOT>/sysroot/etc/autofs.conf (skipping)
[<TIME>] DEBUG    Collecting directory autofs drop-in configs: <ROOT>/sysroot/etc/auto.master.d -> <ROOT>/workspace/proxsave-charhost-20260102-030405-<RANDOM>/etc/auto.master.d
[<TIME>] DEBUG    autofs drop-in configs not found: <ROOT>/sysroot/etc/auto.master.d (skipping)
[<TIME>] DEBUG    Collecting directory DHCP leases (runtime snapshot): <ROOT>/sysroot/var/lib/dhcp -> <ROOT>/workspace/proxsave-charhost-20260102-030405-<RANDOM>/var/lib/proxsave-info/runtime/var/lib/dhcp
[<TIME>] DEBUG    DHCP leases (runtime snapshot) not found: <ROOT>/sysroot/var/lib/dhcp (skipping)
[<TIME>] DEBUG    Collecting directory NetworkManager leases (runtime snapshot): <ROOT>/sysroot/var/lib/NetworkManager -> <ROOT>/workspace/proxsave-charhost-20260102-030405-<RANDOM>/var/lib/proxsave-info/runtime/var/lib/NetworkManager
[<TIME>] DEBUG    NetworkManager leases (runtime snapshot) not found: <ROOT>/sysroot/var/lib/NetworkManager (skipping)
[<TIME>] DEBUG    Collecting directory systemd-networkd leases (runtime snapshot): <ROOT>/sysroot/run/systemd/netif/leases -> <ROOT>/workspace/proxsave-charhost-20260102-030405-<RANDOM>/var/lib/proxsave-info/runtime/run/systemd/netif/leases
[<TIME>] DEBUG    systemd-networkd leases (runtime snapshot) not found: <ROOT>/sysroot/run/systemd/netif/leases (skipping)
[<TIME>] DEBUG    Collection: recipe system - brick "system_network_runtime_addr" never ran
[<TIME>] DEBUG    Collection: recipe system - brick "system_network_runtime_rules" never ran
[<TIME>] DEBUG    Collection: recipe system - brick "system_network_runtime_routes" never ran
[<TIME>] DEBUG    Collection: recipe system - brick "system_network_runtime_links" never ran
[<TIME>] DEBUG    Collection: recipe system - brick "system_network_runtime_neighbors" never ran
[<TIME>] DEBUG    Collection: recipe system - brick "system_network_runtime_bridges" never ran
[<TIME>] DEBUG    Collection: recipe system - brick "system_network_runtime_inventory" never ran
[<TIME>] DEBUG    Collection: recipe system - brick "system_network_runtime_bonding" never ran
[<TIME>] DEBUG    Collection: recipe system - brick "system_network_runtime_dns" never ran
[<TIME>] DEBUG    Collection: recipe system - brick "system_storage_runtime_mounts" never ran
[<TIME>] DEBUG    Collection: recipe system - brick "system_storage_runtime_block_devices" never ran
[<TIME>] DEBUG    Collection: recipe system - brick "system_compute_runtime_memory_cpu" never ran
[<TIME>] DEBUG    Collection: recipe system - brick "system_compute_runtime_bus_inventory" never ran
[<TIME>] DEBUG    Collection: recipe system - brick "system_services_runtime" never ran
[<TIME>] DEBUG    Collection: recipe system - brick "system_packages_runtime_installed" never ran
[<TIME>] DEBUG    Collection: recipe system - brick "system_packages_runtime_apt_policy" never ran
[<TIME>] DEBUG    Collection: recipe system - brick "system_firewall_runtime_iptables" never ran
[<TIME>] DEBUG    Collection: recipe system - brick "system_firewall_runtime_ip6tables" never ran
[<TIME>] DEBUG    Collection: recipe system - brick "system_firewall_runtime_nftables" never ran
[<TIME>] DEBUG    Collection: recipe system - brick "system_firewall_runtime_ufw" never ran
[<TIME>] DEBUG    Collection: recipe system - brick "system_firewall_runtime_firewalld" never ran
[<TIME>] DEBUG    Collection: recipe system - brick "system_kernel_modules_runtime" never ran
[<TIME>] DEBUG    Collection: recipe system - brick "system_sysctl_runtime" never ran
[<TIME>] DEBUG    Collection: recipe system - brick "system_zfs_runtime" never ran
[<TIME>] DEBUG    Collection: recipe system - brick "system_lvm_runtime" never ran
[<TIME>] DEBUG    Collection: recipe system - brick "system_network_report" never ran
[<TIME>] DEBUG    Collection: recipe system - brick "system_kernel" never ran
[<TIME>] DEBUG    Collection: recipe system - brick "system_hardware" never ran
[<TIME>] DEBUG    Collection: recipe system - brick "system_critical_files" never ran
[<TIME>] DEBUG    Collection: recipe system - brick "system_config_file" never ran
[<TIME>] DEBUG    Collection: recipe system - brick "system_custom_paths" never ran
[<TIME>] DEBUG    Collection: recipe system - brick "system_script_dirs" never ran
[<TIME>] DEBUG    Collection: recipe system - brick "system_script_repo" never ran
[<TIME>] DEBUG    Collection: recipe system - brick "system_ssh_keys" never ran
[<TIME>] DEBUG    Collection: recipe system - brick "system_root_home" never ran
[<TIME>] DEBUG    Collection: recipe system - brick "system_user_homes" never ran
[<TIME>] WARNING  Collection: recipe system aborted at brick "system_core_runtime" - 36 later bricks never ran, their targets are missing from this backup
[<TIME>] WARNING  System info collection had warnings: failed to get OS release (critical): critical command `cat <ROOT>/sysroot/etc/os-release` failed for OS release: exit status 1 (output: cat: <ROOT>/sysroot/etc/os-release: No such file or directory)
[<TIME>] DEBUG    Baseline system information collected successfully
[<TIME>] DEBUG    Collection completed: 0 files, 1 failed, 1 dirs created
[<TIME>] DEBUG    Successfully wrote report file: <ROOT>/workspace/proxsave-charhost-20260102-030405-<RANDOM>/manifest.json
[<TIME>] INFO     Collection completed: 1 files (1.5 KiB), 1 failed, 1 dirs created
[<TIME>] DEBUG    Skipping optimization step (all features disabled)
[<TIME>] STEP     [3] Creation of compressed archive
[<TIME>] INFO     Creating compressed archive...
[<TIME>] DEBUG    Archiver configuration: type=xz level=0 mode=standard threads=0
[<TIME>] DEBUG    Resolving compression (requested=xz level=0 mode=standard)
[<TIME>] DEBUG    Compression resolved to xz (level 0, threads 0)
[<TIME>] DEBUG    Resolving compression (requested=xz level=0 mode=standard)
[<TIME>] DEBUG    Compression resolved to xz (level 0, threads 0)
[<TIME>] INFO     Creating compressed archive with xz (level 0, mode standard, threads auto)
[<TIME>] DEBUG    Creating archive: <ROOT>/workspace/proxsave-charhost-20260102-030405-<RANDOM> -> <ROOT>/backup/charhost-backup-20260102-030405.tar.xz.partial (compression: xz)
[<TIME>] DEBUG    Creating xz archive with level 0 (mode standard)
[<TIME>] DEBUG    Added file to archive: .proxsave-marker
[<TIME>] DEBUG    Added file to archive: manifest.json
[<TIME>] DEBUG    Added file to archive: var/lib/proxsave-info/backup_metadata.txt
[<TIME>] DEBUG    Removed temporary workspace <ROOT>/workspace/proxsave-charhost-20260102-030405-<RANDOM>
[<TIME>] DEBUG    Parsing log file for error/warning counts after failure: <ROOT>/log/backup-charhost-20260102-030405.log
[<TIME>] DEBUG    Found 0 errors and 3 warnings in log file (failure path)
[<TIME>] DEBUG    Local Storage: run failed before this location's statistics were read; reporting the startup figures (backups=8, owned=0, scoped=false)
[<TIME>] DEBUG    Secondary Storage: run failed before this location's statistics were read; reporting the startup figures (backups=5, owned=0, scoped=false)
[<TIME>] DEBUG    Cloud Storage (rclone): run failed before this location's statistics were read; reporting the startup figures (backups=4, owned=0, scoped=false)
[<TIME>] DEBUG    End backup run (error=compression phase failed: xz compression failed: exit status 1, duration=<DURATION>)

===== BackupStats returned by RunGoBackup =====
{
  "Hostname": "charhost",
  "ProxmoxType": "unknown",
  "IncompleteTargets": [],
  "ProxmoxTargets": null,
  "ProxmoxVersion": "unknown",
  "PVEVersion": "",
  "PBSVersion": "",
  "BundleCreated": false,
  "Timestamp": "2026-01-02T03:04:05Z",
  "Version": "",
  "StartTime": "2026-01-02T03:04:05Z",
  "EndTime": "2026-01-02T03:04:05Z",
  "FilesCollected": 1,
  "FilesFailed": 1,
  "FilesNotFound": 0,
  "DirsCreated": 1,
  "BytesCollected": "<MASKED>",
  "ArchiveSize": 0,
  "UncompressedSize": "<MASKED>",
  "CompressedSize": 0,
  "Duration": 0,
  "ArchivePath": "",
  "RequestedCompression": "xz",
  "RequestedCompressionMode": "standard",
  "Compression": "xz",
  "CompressionLevel": 0,
  "CompressionMode": "standard",
  "CompressionThreads": 0,
  "CompressionRatio": "<MASKED>",
  "CompressionRatioPercent": "<MASKED>",
  "CompressionSavingsPercent": 0,
  "ReportPath": "",
  "ManifestPath": "",
  "Checksum": "",
  "LocalPath": "<ROOT>/backup",
  "SecondaryPath": "<ROOT>/secondary",
  "CloudPath": "charremote",
  "LocalStatus": "",
  "LocalStatusSummary": "",
  "SecondaryStatus": "skipped",
  "CloudStatus": "skipped",
  "ServerID": "",
  "ServerMAC": "",
  "ClusterMode": "",
  "FilesIncluded": 1,
  "FilesMissing": 0,
  "SecondaryEnabled": true,
  "LocalBackups": 8,
  "LocalFreeSpace": 107374182400,
  "LocalUsedSpace": 53687091200,
  "LocalTotalSpace": 161061273600,
  "SecondaryBackups": 5,
  "SecondaryFreeSpace": 214748364800,
  "SecondaryUsedSpace": 322122547200,
  "SecondaryTotalSpace": 536870912000,
  "CloudEnabled": true,
  "CloudBackups": 4,
  "MaxLocalBackups": 0,
  "MaxSecondaryBackups": 0,
  "MaxCloudBackups": 0,
  "LocalRetentionPolicy": "simple",
  "LocalGFSDaily": 0,
  "LocalGFSWeekly": 0,
  "LocalGFSMonthly": 0,
  "LocalGFSYearly": 0,
  "SecondaryRetentionPolicy": "simple",
  "SecondaryGFSDaily": 0,
  "SecondaryGFSWeekly": 0,
  "SecondaryGFSMonthly": 0,
  "SecondaryGFSYearly": 0,
  "CloudRetentionPolicy": "simple",
  "CloudGFSDaily": 0,
  "CloudGFSWeekly": 0,
  "CloudGFSMonthly": 0,
  "CloudGFSYearly": 0,
  "ErrorCount": 1,
  "WarningCount": 3,
  "NotifyCount": 0,
  "LogFilePath": "<ROOT>/log/backup-charhost-20260102-030405.log",
  "LogCategories": null,
  "ExitCode": 11,
  "Failed": true,
  "ScriptVersion": "",
  "TelegramStatus": "disabled",
  "EmailStatus": "unknown",
  "NotifyResults": null,
  "HealthcheckLink": "",
  "HealthcheckStatus": "",
  "HealthcheckPortalURL": "",
  "HealthcheckPortalLogin": "",
  "NewVersionAvailable": false,
  "CurrentVersion": "",
  "LatestVersion": ""
}

===== BackupStats as seen by the notification channel =====
(channel not called)
